0000000000
0000000000
0000000000
0000001100
0000001100
0000000000
0000000000
0000000000
0000000000
0000000000
