00100000000000000010
00100000000000000010
00100000000000000010
00100000000000000010
00100000000000000010
00100000000000000010
00100000000000000010
00100000000000000010
00100000000000000010
00100000000000000010
00100000000000000010
00100000000000000010
00100000000000000010
00100000000000000010
00100000000000000010
00100000000000000010
00100000000000000010
00100000000000000010
00100000000000000010
00100000000000000010
