0000000000
0000000000
0000000000
0000000000
0000000000
0000000000
0000000000
0001000000
0001000000
0001000000
