0000100000
0000000000
0000100000
0000100000
0000100000
0000000000
1110001110
0000000000
0000100000
0000100000
